// Jest Snapshot v1, https://goo.gl/fbAQLP

exports[`renders correctly 1`] = `
<div
  className="my-7 flex justify-center font-primary tracking-wider"
>
  <div
    className="flex w-[80%] flex-col items-start justify-center md:w-[60%] xl:w-[40%]"
  >
    <label
      className="mb-3 pl-3 text-lg font-semibold text-fontColor"
    />
    <input
      className="form-control h-10 w-full rounded-lg border-0 bg-[white] bg-clip-padding shadow-lg"
      multiple={false}
    />
  </div>
</div>
`;
