// Jest Snapshot v1, https://goo.gl/fbAQLP

exports[`renders correctly 1`] = `
<div
  className="my-7 flex justify-center"
>
  <div
    className="flex w-[80%] flex-col items-start justify-center md:w-[60%] xl:w-[40%]"
  >
    <label
      className="mb-3 pl-3 text-xl font-semibold text-fontColor"
    />
    <input
      className="w-full rounded-lg border-2 border-primary shadow-md"
      multiple={false}
    />
  </div>
</div>
`;
