// Jest Snapshot v1, https://goo.gl/fbAQLP

exports[`renders correctly 1`] = `
<div
  className="group mx-auto flex h-28 w-24 cursor-pointer flex-col items-center justify-around rounded-xl bg-[white] p-4 text-center text-sm shadow-md hover:scale-[102%] hover:bg-[#f3f3f3] hover:shadow-xl active:bg-[#f3f3f3] md:h-40 md:w-36 md:text-base "
  onClick={[Function]}
>
  <span
    className="mt-4 font-bold text-primary"
  />
</div>
`;
