// Jest Snapshot v1, https://goo.gl/fbAQLP

exports[`renders correctly 1`] = `
Array [
  <h2
    className="pt-20 pb-14 text-center font-head text-4xl font-bold tracking-wider text-fontColor"
  />,
  <div
    className="mx-20 flex flex-wrap justify-center gap-10"
  >
    <div>
      test
    </div>
    <div>
      test
    </div>
    <div>
      test
    </div>
    <div>
      test
    </div>
    <div>
      test
    </div>
  </div>,
]
`;
