// Jest Snapshot v1, https://goo.gl/fbAQLP

exports[`renders correctly 1`] = `
<div>
  <div
    className="mb-3 flex  flex-row justify-between p-10"
  >
    <div
      className=" p-10 px-10"
    >
      <span
        style={
          Object {
            "background": "none",
            "border": 0,
            "boxSizing": "border-box",
            "display": "inline-block",
            "height": "initial",
            "margin": 0,
            "maxWidth": "100%",
            "opacity": 1,
            "overflow": "hidden",
            "padding": 0,
            "position": "relative",
            "width": "initial",
          }
        }
      >
        <span
          style={
            Object {
              "background": "none",
              "border": 0,
              "boxSizing": "border-box",
              "display": "block",
              "height": "initial",
              "margin": 0,
              "maxWidth": "100%",
              "opacity": 1,
              "padding": 0,
              "width": "initial",
            }
          }
        >
          <img
            alt=""
            aria-hidden={true}
            src="data:image/svg+xml,%3csvg%20xmlns=%27http://www.w3.org/2000/svg%27%20version=%271.1%27%20width=%271000%27%20height=%27800%27/%3e"
            style={
              Object {
                "background": "none",
                "border": 0,
                "display": "block",
                "height": "initial",
                "margin": 0,
                "maxWidth": "100%",
                "opacity": 1,
                "padding": 0,
                "width": "initial",
              }
            }
          />
        </span>
        <img
          alt="Card image"
          className="card-img"
          data-nimg="intrinsic"
          decoding="async"
          onError={[Function]}
          onLoad={[Function]}
          src="data:image/gif;base64,R0lGODlhAQABAIAAAAAAAP///yH5BAEAAAAALAAAAAABAAEAAAIBRAA7"
          style={
            Object {
              "border": "none",
              "bottom": 0,
              "boxSizing": "border-box",
              "display": "block",
              "height": 0,
              "left": 0,
              "margin": "auto",
              "maxHeight": "100%",
              "maxWidth": "100%",
              "minHeight": "100%",
              "minWidth": "100%",
              "objectFit": undefined,
              "objectPosition": undefined,
              "padding": 0,
              "position": "absolute",
              "right": 0,
              "top": 0,
              "width": 0,
            }
          }
        />
        <noscript>
          <img
            alt="Card image"
            className="card-img"
            data-nimg="intrinsic"
            decoding="async"
            loading="lazy"
            src="/_next/image?url=%2FPhoto.png&w=2048&q=75"
            srcSet="/_next/image?url=%2FPhoto.png&w=1080&q=75 1x, /_next/image?url=%2FPhoto.png&w=2048&q=75 2x"
            style={
              Object {
                "border": "none",
                "bottom": 0,
                "boxSizing": "border-box",
                "display": "block",
                "height": 0,
                "left": 0,
                "margin": "auto",
                "maxHeight": "100%",
                "maxWidth": "100%",
                "minHeight": "100%",
                "minWidth": "100%",
                "objectFit": undefined,
                "objectPosition": undefined,
                "padding": 0,
                "position": "absolute",
                "right": 0,
                "top": 0,
                "width": 0,
              }
            }
          />
        </noscript>
      </span>
    </div>
    <div
      className=" flex flex-col items-start justify-center"
    >
      <div
        className="r-md-8 px-10"
      >
        <h2
          className="pb-2 text-xl font-bold text-fontColor"
        >
          My Blog
        </h2>
        <p
          className="text-lg text-fontColor"
        >
           Lorem ipsum, dolor sit amet consectetur adipisicing elit. Illum necessitatibus numquam qui ea debitis natus amet ab nobis dignissimos consequatur possimus obcaecati corporis doloremque velit, temporibus praesentium unde sed? Quae?
        </p>
        <div
          className="flex h-7 w-10 flex-1"
        >
          <div
            className="flex justify-center"
          >
            <button
              className="my-5 h-9 w-[120px] rounded-full bg-primary text-xl font-semibold text-[white] shadow-md"
            >
              Read more
            </button>
          </div>
        </div>
      </div>
    </div>
  </div>
</div>
`;
